Sample Card Title
<!--report.counter.instructions empty counter cleanup placeholder-->
153
108
261
41.38
41.38
<!--report.counter.lines empty counter cleanup placeholder-->
130
82
212
38.68
38.68
<!--report.counter.methods empty counter cleanup placeholder-->
5
12
17
70.59
70.59
<!--report.counter.classes empty counter cleanup placeholder-->
3
5
8
62.50
62.50