<!--card title-->
<!--report.counter.instructions empty counter cleanup placeholder-->
<!--report.counter.instructions.missed-->
<!--report.counter.instructions.covered-->
<!--report.counter.instructions.total-->
<!--report.counter.instructions.percent-->
<!--report.counter.instructions.percent-->
<!--report.counter.lines empty counter cleanup placeholder-->
<!--report.counter.lines.missed-->
<!--report.counter.lines.covered-->
<!--report.counter.lines.total-->
<!--report.counter.lines.percent-->
<!--report.counter.lines.percent-->
<!--report.counter.methods empty counter cleanup placeholder-->
<!--report.counter.methods.missed-->
<!--report.counter.methods.covered-->
<!--report.counter.methods.total-->
<!--report.counter.methods.percent-->
<!--report.counter.methods.percent-->
<!--report.counter.classes empty counter cleanup placeholder-->
<!--report.counter.classes.missed-->
<!--report.counter.classes.covered-->
<!--report.counter.classes.total-->
<!--report.counter.classes.percent-->
<!--report.counter.classes.percent-->
<!--report.counter.complexity empty counter cleanup placeholder-->
<!--report.counter.complexity.missed-->
<!--report.counter.complexity.covered-->
<!--report.counter.complexity.total-->
<!--report.counter.complexity.percent-->
<!--report.counter.complexity.percent-->